// Jest Snapshot v1, https://goo.gl/fbAQLP

exports[`<App /> should render and match the snapshot 1`] = `
<ForwardRef>
  <HelmetWrapper
    defaultTitle="Currency Converter"
    defer={true}
    encodeSpecialCharacters={true}
    titleTemplate="%s - Currency Converter"
  >
    <meta
      content="A Currency Converter application"
      name="description"
    />
  </HelmetWrapper>
  <Header />
  <Switch>
    <Route
      component={[Function]}
      exact={true}
      path="/"
    />
    <Route
      component={[Function]}
      path=""
    />
  </Switch>
  <GlobalStyleComponent />
</ForwardRef>
`;
